
> ozone-computers-website@0.1.0 build
> next build

Γû▓ Next.js 16.2.4 (Turbopack)
- Environments: .env.local

  Creating an optimized production build ...
Γ£ô Compiled successfully in 4.2s
  Running TypeScript ...
  Finished TypeScript in 4.4s ...
  Collecting page data using 19 workers ...
  Generating static pages using 19 workers (0/42) ...
  Generating static pages using 19 workers (10/42) 
  Generating static pages using 19 workers (20/42) 
  Generating static pages using 19 workers (31/42) 
Γ£ô Generating static pages using 19 workers (42/42) in 271ms
  Finalizing page optimization ...

Route (app)
Γöî ╞Æ /
Γö£ ╞Æ /_not-found
Γö£ ╞Æ /about
Γö£ ╞Æ /contact
Γö£ ╞Æ /pc-builder
Γö£ ╞Æ /pc-builder/[id]
Γö£ ╞Æ /privacy
Γö£ ╞Æ /products
Γö£ ╞Æ /products/[id]
Γö£ Γùï /robots.txt
Γö£ ╞Æ /services
Γö£ Γùï /sitemap.xml
Γö£ ╞Æ /tarusha
Γö£ ╞Æ /tarusha/dashboard
Γö£ ╞Æ /tarusha/dashboard/categories
Γö£ ╞Æ /tarusha/dashboard/components
Γö£ ╞Æ /tarusha/dashboard/computers
Γö£ ╞Æ /tarusha/dashboard/config
Γö£ ╞Æ /tarusha/dashboard/content
Γö£ ╞Æ /tarusha/dashboard/faq
Γö£ ╞Æ /tarusha/dashboard/faqs
Γö£ ╞Æ /tarusha/dashboard/faqs/new
Γö£ ╞Æ /tarusha/dashboard/flagships
Γö£ ╞Æ /tarusha/dashboard/hero
Γö£ ╞Æ /tarusha/dashboard/hero/sub-posts
Γö£ ╞Æ /tarusha/dashboard/hero/videos
Γö£ ╞Æ /tarusha/dashboard/inventory-header
Γö£ ╞Æ /tarusha/dashboard/messages
Γö£ ╞Æ /tarusha/dashboard/partners
Γö£ ╞Æ /tarusha/dashboard/pc-builder
Γö£ ╞Æ /tarusha/dashboard/pc-builds
Γö£ ╞Æ /tarusha/dashboard/pc-builds/[id]
Γö£ ╞Æ /tarusha/dashboard/pc-builds/mapping
Γö£ ╞Æ /tarusha/dashboard/pc-builds/new
Γö£ ╞Æ /tarusha/dashboard/products
Γö£ ╞Æ /tarusha/dashboard/products/[id]
Γö£ ╞Æ /tarusha/dashboard/products/new
Γö£ ╞Æ /tarusha/dashboard/reels
Γö£ ╞Æ /tarusha/dashboard/reviews
Γö£ ╞Æ /tarusha/dashboard/services
Γö£ ╞Æ /tarusha/dashboard/services/new
Γö£ ╞Æ /tarusha/dashboard/settings
Γö£ ╞Æ /tarusha/dashboard/social-feed
Γö£ ╞Æ /terms
Γö£ ╞Æ /tharusha
Γö£ ╞Æ /warranty
Γöö ╞Æ /wishlist


╞Æ Proxy (Middleware)

Γùï  (Static)   prerendered as static content
╞Æ  (Dynamic)  server-rendered on demand

